2026-07-24 14:58:05.263 - DEBUG - Transformer import took: 0.01s
2026-07-24 14:58:34.196 - DEBUG - Loading transformer state dict from checkpoints/krea-realtime-video-14b.safetensors
2026-07-24 15:01:11.426 - DEBUG - Transformer load completed in: 186.16s, total: 186.17s
2026-07-24 15:01:11.428 - DEBUG - Text encoder import took: 0.00s
2026-07-24 15:01:25.904 - DEBUG - Text encoder load completed in: 14.48s, total: 14.48s
2026-07-24 15:01:25.904 - DEBUG - Using demo_utils.vae_block3.VAEEncoderWrapper
2026-07-24 15:01:25.904 - DEBUG - Using demo_utils.vae_block3.VAEDecoderWrapper
2026-07-24 15:01:25.956 - INFO - loading wan_models/Wan2.1-T2V-1.3B/Wan2.1_VAE.pth
2026-07-24 15:01:27.310 - DEBUG - VAE load completed in: 1.41s
2026-07-24 15:01:27.380 - DEBUG - Pipeline import took: 0.05s
2026-07-24 15:01:27.381 - DEBUG - Pipeline initialization completed in: 0.05s
AUTOTUNE flex_attention(1x40x4736x128, 1x40x4736x128, 1x40x4736x128, 1x40x4736, 1x1x37, 1x1x37x37, 1x1x37, 1x1x37x37, 4736)
strides: [24248320, 606208, 128, 1], [24248320, 606208, 128, 1], [24248320, 606208, 128, 1], [189440, 4736, 1], [37, 37, 1], [1369, 1369, 37, 1], [37, 37, 1], [1369, 1369, 37, 1], [1]
dtypes: torch.bfloat16, torch.bfloat16, torch.bfloat16, torch.float32, torch.int32, torch.int32, torch.int32, torch.int32, torch.int64
  triton_flex_attention_4 1.9308 ms 100.0% BLOCKS_ARE_CONTIGUOUS=True, BLOCK_M=64, BLOCK_N=64, FLOAT32_PRECISION="'ieee'", GQA_SHARED_HEADS=1, HAS_FULL_BLOCKS=True, IS_DIVISIBLE=True, OUTPUT_LOGSUMEXP=False, PRESCALE_QK=False, QK_HEAD_DIM=128, QK_HEAD_DIM_ROUNDED=128, ROWS_GUARANTEED_SAFE=False, SAFE_HEAD_DIM=True, SM_SCALE=0.08838834764831843, SPARSE_KV_BLOCK_SIZE=128, SPARSE_Q_BLOCK_SIZE=128, USE_TMA=False, V_HEAD_DIM=128, V_HEAD_DIM_ROUNDED=128, WRITE_DQ=True, num_stages=3, num_warps=4
  triton_flex_attention_5 2.1533 ms 89.7% BLOCKS_ARE_CONTIGUOUS=True, BLOCK_M=128, BLOCK_N=64, FLOAT32_PRECISION="'ieee'", GQA_SHARED_HEADS=1, HAS_FULL_BLOCKS=True, IS_DIVISIBLE=True, OUTPUT_LOGSUMEXP=False, PRESCALE_QK=False, QK_HEAD_DIM=128, QK_HEAD_DIM_ROUNDED=128, ROWS_GUARANTEED_SAFE=False, SAFE_HEAD_DIM=True, SM_SCALE=0.08838834764831843, SPARSE_KV_BLOCK_SIZE=128, SPARSE_Q_BLOCK_SIZE=128, USE_TMA=False, V_HEAD_DIM=128, V_HEAD_DIM_ROUNDED=128, WRITE_DQ=True, num_stages=3, num_warps=8
  triton_flex_attention_2 2.3343 ms 82.7% BLOCKS_ARE_CONTIGUOUS=True, BLOCK_M=128, BLOCK_N=128, FLOAT32_PRECISION="'ieee'", GQA_SHARED_HEADS=1, HAS_FULL_BLOCKS=True, IS_DIVISIBLE=True, OUTPUT_LOGSUMEXP=False, PRESCALE_QK=False, QK_HEAD_DIM=128, QK_HEAD_DIM_ROUNDED=128, ROWS_GUARANTEED_SAFE=False, SAFE_HEAD_DIM=True, SM_SCALE=0.08838834764831843, SPARSE_KV_BLOCK_SIZE=128, SPARSE_Q_BLOCK_SIZE=128, USE_TMA=False, V_HEAD_DIM=128, V_HEAD_DIM_ROUNDED=128, WRITE_DQ=True, num_stages=2, num_warps=8
  triton_flex_attention_3 2.3842 ms 81.0% BLOCKS_ARE_CONTIGUOUS=True, BLOCK_M=64, BLOCK_N=128, FLOAT32_PRECISION="'ieee'", GQA_SHARED_HEADS=1, HAS_FULL_BLOCKS=True, IS_DIVISIBLE=True, OUTPUT_LOGSUMEXP=False, PRESCALE_QK=False, QK_HEAD_DIM=128, QK_HEAD_DIM_ROUNDED=128, ROWS_GUARANTEED_SAFE=False, SAFE_HEAD_DIM=True, SM_SCALE=0.08838834764831843, SPARSE_KV_BLOCK_SIZE=128, SPARSE_Q_BLOCK_SIZE=128, USE_TMA=False, V_HEAD_DIM=128, V_HEAD_DIM_ROUNDED=128, WRITE_DQ=True, num_stages=3, num_warps=4
  triton_flex_attention_0 3.4080 ms 56.7% BLOCKS_ARE_CONTIGUOUS=True, BLOCK_M=128, BLOCK_N=64, FLOAT32_PRECISION="'ieee'", GQA_SHARED_HEADS=1, HAS_FULL_BLOCKS=True, IS_DIVISIBLE=True, OUTPUT_LOGSUMEXP=False, PRESCALE_QK=False, QK_HEAD_DIM=128, QK_HEAD_DIM_ROUNDED=128, ROWS_GUARANTEED_SAFE=False, SAFE_HEAD_DIM=True, SM_SCALE=0.08838834764831843, SPARSE_KV_BLOCK_SIZE=128, SPARSE_Q_BLOCK_SIZE=128, USE_TMA=False, V_HEAD_DIM=128, V_HEAD_DIM_ROUNDED=128, WRITE_DQ=True, num_stages=3, num_warps=4
  triton_flex_attention_1 4.4932 ms 43.0% BLOCKS_ARE_CONTIGUOUS=True, BLOCK_M=128, BLOCK_N=128, FLOAT32_PRECISION="'ieee'", GQA_SHARED_HEADS=1, HAS_FULL_BLOCKS=True, IS_DIVISIBLE=True, OUTPUT_LOGSUMEXP=False, PRESCALE_QK=False, QK_HEAD_DIM=128, QK_HEAD_DIM_ROUNDED=128, ROWS_GUARANTEED_SAFE=False, SAFE_HEAD_DIM=True, SM_SCALE=0.08838834764831843, SPARSE_KV_BLOCK_SIZE=128, SPARSE_Q_BLOCK_SIZE=128, USE_TMA=False, V_HEAD_DIM=128, V_HEAD_DIM_ROUNDED=128, WRITE_DQ=True, num_stages=3, num_warps=4
SingleProcess AUTOTUNE benchmarking takes 0.2976 seconds and 2.3975 seconds precompiling for 6 choices
AUTOTUNE flex_attention(1x40x9472x128, 1x40x9472x128, 1x40x9472x128, 1x40x9472, 1x1x74, 1x1x74x74, 1x1x74, 1x1x74x74, 9472)
strides: [48496640, 1212416, 128, 1], [48496640, 1212416, 128, 1], [48496640, 1212416, 128, 1], [378880, 9472, 1], [74, 74, 1], [5476, 5476, 74, 1], [74, 74, 1], [5476, 5476, 74, 1], [1]
dtypes: torch.bfloat16, torch.bfloat16, torch.bfloat16, torch.float32, torch.int32, torch.int32, torch.int32, torch.int32, torch.int64
  triton_flex_attention_10 7.3593 ms 100.0% BLOCKS_ARE_CONTIGUOUS=True, BLOCK_M=64, BLOCK_N=64, FLOAT32_PRECISION="'ieee'", GQA_SHARED_HEADS=1, HAS_FULL_BLOCKS=True, IS_DIVISIBLE=True, OUTPUT_LOGSUMEXP=False, PRESCALE_QK=False, QK_HEAD_DIM=128, QK_HEAD_DIM_ROUNDED=128, ROWS_GUARANTEED_SAFE=False, SAFE_HEAD_DIM=True, SM_SCALE=0.08838834764831843, SPARSE_KV_BLOCK_SIZE=128, SPARSE_Q_BLOCK_SIZE=128, USE_TMA=False, V_HEAD_DIM=128, V_HEAD_DIM_ROUNDED=128, WRITE_DQ=True, num_stages=3, num_warps=4
  triton_flex_attention_11 8.1763 ms 90.0% BLOCKS_ARE_CONTIGUOUS=True, BLOCK_M=128, BLOCK_N=64, FLOAT32_PRECISION="'ieee'", GQA_SHARED_HEADS=1, HAS_FULL_BLOCKS=True, IS_DIVISIBLE=True, OUTPUT_LOGSUMEXP=False, PRESCALE_QK=False, QK_HEAD_DIM=128, QK_HEAD_DIM_ROUNDED=128, ROWS_GUARANTEED_SAFE=False, SAFE_HEAD_DIM=True, SM_SCALE=0.08838834764831843, SPARSE_KV_BLOCK_SIZE=128, SPARSE_Q_BLOCK_SIZE=128, USE_TMA=False, V_HEAD_DIM=128, V_HEAD_DIM_ROUNDED=128, WRITE_DQ=True, num_stages=3, num_warps=8
  triton_flex_attention_8 8.7626 ms 84.0% BLOCKS_ARE_CONTIGUOUS=True, BLOCK_M=128, BLOCK_N=128, FLOAT32_PRECISION="'ieee'", GQA_SHARED_HEADS=1, HAS_FULL_BLOCKS=True, IS_DIVISIBLE=True, OUTPUT_LOGSUMEXP=False, PRESCALE_QK=False, QK_HEAD_DIM=128, QK_HEAD_DIM_ROUNDED=128, ROWS_GUARANTEED_SAFE=False, SAFE_HEAD_DIM=True, SM_SCALE=0.08838834764831843, SPARSE_KV_BLOCK_SIZE=128, SPARSE_Q_BLOCK_SIZE=128, USE_TMA=False, V_HEAD_DIM=128, V_HEAD_DIM_ROUNDED=128, WRITE_DQ=True, num_stages=2, num_warps=8
  triton_flex_attention_9 9.0686 ms 81.2% BLOCKS_ARE_CONTIGUOUS=True, BLOCK_M=64, BLOCK_N=128, FLOAT32_PRECISION="'ieee'", GQA_SHARED_HEADS=1, HAS_FULL_BLOCKS=True, IS_DIVISIBLE=True, OUTPUT_LOGSUMEXP=False, PRESCALE_QK=False, QK_HEAD_DIM=128, QK_HEAD_DIM_ROUNDED=128, ROWS_GUARANTEED_SAFE=False, SAFE_HEAD_DIM=True, SM_SCALE=0.08838834764831843, SPARSE_KV_BLOCK_SIZE=128, SPARSE_Q_BLOCK_SIZE=128, USE_TMA=False, V_HEAD_DIM=128, V_HEAD_DIM_ROUNDED=128, WRITE_DQ=True, num_stages=3, num_warps=4
  triton_flex_attention_6 12.8898 ms 57.1% BLOCKS_ARE_CONTIGUOUS=True, BLOCK_M=128, BLOCK_N=64, FLOAT32_PRECISION="'ieee'", GQA_SHARED_HEADS=1, HAS_FULL_BLOCKS=True, IS_DIVISIBLE=True, OUTPUT_LOGSUMEXP=False, PRESCALE_QK=False, QK_HEAD_DIM=128, QK_HEAD_DIM_ROUNDED=128, ROWS_GUARANTEED_SAFE=False, SAFE_HEAD_DIM=True, SM_SCALE=0.08838834764831843, SPARSE_KV_BLOCK_SIZE=128, SPARSE_Q_BLOCK_SIZE=128, USE_TMA=False, V_HEAD_DIM=128, V_HEAD_DIM_ROUNDED=128, WRITE_DQ=True, num_stages=3, num_warps=4
  triton_flex_attention_7 17.0153 ms 43.3% BLOCKS_ARE_CONTIGUOUS=True, BLOCK_M=128, BLOCK_N=128, FLOAT32_PRECISION="'ieee'", GQA_SHARED_HEADS=1, HAS_FULL_BLOCKS=True, IS_DIVISIBLE=True, OUTPUT_LOGSUMEXP=False, PRESCALE_QK=False, QK_HEAD_DIM=128, QK_HEAD_DIM_ROUNDED=128, ROWS_GUARANTEED_SAFE=False, SAFE_HEAD_DIM=True, SM_SCALE=0.08838834764831843, SPARSE_KV_BLOCK_SIZE=128, SPARSE_Q_BLOCK_SIZE=128, USE_TMA=False, V_HEAD_DIM=128, V_HEAD_DIM_ROUNDED=128, WRITE_DQ=True, num_stages=3, num_warps=4
SingleProcess AUTOTUNE benchmarking takes 0.5424 seconds and 2.1167 seconds precompiling for 6 choices
AUTOTUNE flex_attention(1x40x14080x128, 1x40x14080x128, 1x40x14080x128, 1x40x14080, 1x1x110, 1x1x110x110, 1x1x110, 1x1x110x110, 14080)
strides: [72089600, 1802240, 128, 1], [72089600, 1802240, 128, 1], [72089600, 1802240, 128, 1], [563200, 14080, 1], [110, 110, 1], [12100, 12100, 110, 1], [110, 110, 1], [12100, 12100, 110, 1], [1]
dtypes: torch.bfloat16, torch.bfloat16, torch.bfloat16, torch.float32, torch.int32, torch.int32, torch.int32, torch.int32, torch.int64
  triton_flex_attention_16 16.5330 ms 100.0% BLOCKS_ARE_CONTIGUOUS=True, BLOCK_M=64, BLOCK_N=64, FLOAT32_PRECISION="'ieee'", GQA_SHARED_HEADS=1, HAS_FULL_BLOCKS=True, IS_DIVISIBLE=True, OUTPUT_LOGSUMEXP=False, PRESCALE_QK=False, QK_HEAD_DIM=128, QK_HEAD_DIM_ROUNDED=128, ROWS_GUARANTEED_SAFE=False, SAFE_HEAD_DIM=True, SM_SCALE=0.08838834764831843, SPARSE_KV_BLOCK_SIZE=128, SPARSE_Q_BLOCK_SIZE=128, USE_TMA=False, V_HEAD_DIM=128, V_HEAD_DIM_ROUNDED=128, WRITE_DQ=True, num_stages=3, num_warps=4
  triton_flex_attention_17 18.1303 ms 91.2% BLOCKS_ARE_CONTIGUOUS=True, BLOCK_M=128, BLOCK_N=64, FLOAT32_PRECISION="'ieee'", GQA_SHARED_HEADS=1, HAS_FULL_BLOCKS=True, IS_DIVISIBLE=True, OUTPUT_LOGSUMEXP=False, PRESCALE_QK=False, QK_HEAD_DIM=128, QK_HEAD_DIM_ROUNDED=128, ROWS_GUARANTEED_SAFE=False, SAFE_HEAD_DIM=True, SM_SCALE=0.08838834764831843, SPARSE_KV_BLOCK_SIZE=128, SPARSE_Q_BLOCK_SIZE=128, USE_TMA=False, V_HEAD_DIM=128, V_HEAD_DIM_ROUNDED=128, WRITE_DQ=True, num_stages=3, num_warps=8
  triton_flex_attention_14 19.1133 ms 86.5% BLOCKS_ARE_CONTIGUOUS=True, BLOCK_M=128, BLOCK_N=128, FLOAT32_PRECISION="'ieee'", GQA_SHARED_HEADS=1, HAS_FULL_BLOCKS=True, IS_DIVISIBLE=True, OUTPUT_LOGSUMEXP=False, PRESCALE_QK=False, QK_HEAD_DIM=128, QK_HEAD_DIM_ROUNDED=128, ROWS_GUARANTEED_SAFE=False, SAFE_HEAD_DIM=True, SM_SCALE=0.08838834764831843, SPARSE_KV_BLOCK_SIZE=128, SPARSE_Q_BLOCK_SIZE=128, USE_TMA=False, V_HEAD_DIM=128, V_HEAD_DIM_ROUNDED=128, WRITE_DQ=True, num_stages=2, num_warps=8
  triton_flex_attention_15 19.9348 ms 82.9% BLOCKS_ARE_CONTIGUOUS=True, BLOCK_M=64, BLOCK_N=128, FLOAT32_PRECISION="'ieee'", GQA_SHARED_HEADS=1, HAS_FULL_BLOCKS=True, IS_DIVISIBLE=True, OUTPUT_LOGSUMEXP=False, PRESCALE_QK=False, QK_HEAD_DIM=128, QK_HEAD_DIM_ROUNDED=128, ROWS_GUARANTEED_SAFE=False, SAFE_HEAD_DIM=True, SM_SCALE=0.08838834764831843, SPARSE_KV_BLOCK_SIZE=128, SPARSE_Q_BLOCK_SIZE=128, USE_TMA=False, V_HEAD_DIM=128, V_HEAD_DIM_ROUNDED=128, WRITE_DQ=True, num_stages=3, num_warps=4
  triton_flex_attention_12 27.8624 ms 59.3% BLOCKS_ARE_CONTIGUOUS=True, BLOCK_M=128, BLOCK_N=64, FLOAT32_PRECISION="'ieee'", GQA_SHARED_HEADS=1, HAS_FULL_BLOCKS=True, IS_DIVISIBLE=True, OUTPUT_LOGSUMEXP=False, PRESCALE_QK=False, QK_HEAD_DIM=128, QK_HEAD_DIM_ROUNDED=128, ROWS_GUARANTEED_SAFE=False, SAFE_HEAD_DIM=True, SM_SCALE=0.08838834764831843, SPARSE_KV_BLOCK_SIZE=128, SPARSE_Q_BLOCK_SIZE=128, USE_TMA=False, V_HEAD_DIM=128, V_HEAD_DIM_ROUNDED=128, WRITE_DQ=True, num_stages=3, num_warps=4
  triton_flex_attention_13 37.2013 ms 44.4% BLOCKS_ARE_CONTIGUOUS=True, BLOCK_M=128, BLOCK_N=128, FLOAT32_PRECISION="'ieee'", GQA_SHARED_HEADS=1, HAS_FULL_BLOCKS=True, IS_DIVISIBLE=True, OUTPUT_LOGSUMEXP=False, PRESCALE_QK=False, QK_HEAD_DIM=128, QK_HEAD_DIM_ROUNDED=128, ROWS_GUARANTEED_SAFE=False, SAFE_HEAD_DIM=True, SM_SCALE=0.08838834764831843, SPARSE_KV_BLOCK_SIZE=128, SPARSE_Q_BLOCK_SIZE=128, USE_TMA=False, V_HEAD_DIM=128, V_HEAD_DIM_ROUNDED=128, WRITE_DQ=True, num_stages=3, num_warps=4
SingleProcess AUTOTUNE benchmarking takes 1.0408 seconds and 2.1055 seconds precompiling for 6 choices
AUTOTUNE flex_attention(1x40x18816x128, 1x40x18816x128, 1x40x18816x128, 1x40x18816, 1x1x147, 1x1x147x147, 1x1x147, 1x1x147x147, 18816)
strides: [96337920, 2408448, 128, 1], [96337920, 2408448, 128, 1], [96337920, 2408448, 128, 1], [752640, 18816, 1], [147, 147, 1], [21609, 21609, 147, 1], [147, 147, 1], [21609, 21609, 147, 1], [1]
dtypes: torch.bfloat16, torch.bfloat16, torch.bfloat16, torch.float32, torch.int32, torch.int32, torch.int32, torch.int32, torch.int64
  triton_flex_attention_22 30.9970 ms 100.0% BLOCKS_ARE_CONTIGUOUS=True, BLOCK_M=64, BLOCK_N=64, FLOAT32_PRECISION="'ieee'", GQA_SHARED_HEADS=1, HAS_FULL_BLOCKS=True, IS_DIVISIBLE=True, OUTPUT_LOGSUMEXP=False, PRESCALE_QK=False, QK_HEAD_DIM=128, QK_HEAD_DIM_ROUNDED=128, ROWS_GUARANTEED_SAFE=False, SAFE_HEAD_DIM=True, SM_SCALE=0.08838834764831843, SPARSE_KV_BLOCK_SIZE=128, SPARSE_Q_BLOCK_SIZE=128, USE_TMA=False, V_HEAD_DIM=128, V_HEAD_DIM_ROUNDED=128, WRITE_DQ=True, num_stages=3, num_warps=4
  triton_flex_attention_23 31.8605 ms 97.3% BLOCKS_ARE_CONTIGUOUS=True, BLOCK_M=128, BLOCK_N=64, FLOAT32_PRECISION="'ieee'", GQA_SHARED_HEADS=1, HAS_FULL_BLOCKS=True, IS_DIVISIBLE=True, OUTPUT_LOGSUMEXP=False, PRESCALE_QK=False, QK_HEAD_DIM=128, QK_HEAD_DIM_ROUNDED=128, ROWS_GUARANTEED_SAFE=False, SAFE_HEAD_DIM=True, SM_SCALE=0.08838834764831843, SPARSE_KV_BLOCK_SIZE=128, SPARSE_Q_BLOCK_SIZE=128, USE_TMA=False, V_HEAD_DIM=128, V_HEAD_DIM_ROUNDED=128, WRITE_DQ=True, num_stages=3, num_warps=8
  triton_flex_attention_20 33.7466 ms 91.9% BLOCKS_ARE_CONTIGUOUS=True, BLOCK_M=128, BLOCK_N=128, FLOAT32_PRECISION="'ieee'", GQA_SHARED_HEADS=1, HAS_FULL_BLOCKS=True, IS_DIVISIBLE=True, OUTPUT_LOGSUMEXP=False, PRESCALE_QK=False, QK_HEAD_DIM=128, QK_HEAD_DIM_ROUNDED=128, ROWS_GUARANTEED_SAFE=False, SAFE_HEAD_DIM=True, SM_SCALE=0.08838834764831843, SPARSE_KV_BLOCK_SIZE=128, SPARSE_Q_BLOCK_SIZE=128, USE_TMA=False, V_HEAD_DIM=128, V_HEAD_DIM_ROUNDED=128, WRITE_DQ=True, num_stages=2, num_warps=8
  triton_flex_attention_21 35.8996 ms 86.3% BLOCKS_ARE_CONTIGUOUS=True, BLOCK_M=64, BLOCK_N=128, FLOAT32_PRECISION="'ieee'", GQA_SHARED_HEADS=1, HAS_FULL_BLOCKS=True, IS_DIVISIBLE=True, OUTPUT_LOGSUMEXP=False, PRESCALE_QK=False, QK_HEAD_DIM=128, QK_HEAD_DIM_ROUNDED=128, ROWS_GUARANTEED_SAFE=False, SAFE_HEAD_DIM=True, SM_SCALE=0.08838834764831843, SPARSE_KV_BLOCK_SIZE=128, SPARSE_Q_BLOCK_SIZE=128, USE_TMA=False, V_HEAD_DIM=128, V_HEAD_DIM_ROUNDED=128, WRITE_DQ=True, num_stages=3, num_warps=4
  triton_flex_attention_18 49.3049 ms 62.9% BLOCKS_ARE_CONTIGUOUS=True, BLOCK_M=128, BLOCK_N=64, FLOAT32_PRECISION="'ieee'", GQA_SHARED_HEADS=1, HAS_FULL_BLOCKS=True, IS_DIVISIBLE=True, OUTPUT_LOGSUMEXP=False, PRESCALE_QK=False, QK_HEAD_DIM=128, QK_HEAD_DIM_ROUNDED=128, ROWS_GUARANTEED_SAFE=False, SAFE_HEAD_DIM=True, SM_SCALE=0.08838834764831843, SPARSE_KV_BLOCK_SIZE=128, SPARSE_Q_BLOCK_SIZE=128, USE_TMA=False, V_HEAD_DIM=128, V_HEAD_DIM_ROUNDED=128, WRITE_DQ=True, num_stages=3, num_warps=4
  triton_flex_attention_19 66.0096 ms 47.0% BLOCKS_ARE_CONTIGUOUS=True, BLOCK_M=128, BLOCK_N=128, FLOAT32_PRECISION="'ieee'", GQA_SHARED_HEADS=1, HAS_FULL_BLOCKS=True, IS_DIVISIBLE=True, OUTPUT_LOGSUMEXP=False, PRESCALE_QK=False, QK_HEAD_DIM=128, QK_HEAD_DIM_ROUNDED=128, ROWS_GUARANTEED_SAFE=False, SAFE_HEAD_DIM=True, SM_SCALE=0.08838834764831843, SPARSE_KV_BLOCK_SIZE=128, SPARSE_Q_BLOCK_SIZE=128, USE_TMA=False, V_HEAD_DIM=128, V_HEAD_DIM_ROUNDED=128, WRITE_DQ=True, num_stages=3, num_warps=4
SingleProcess AUTOTUNE benchmarking takes 1.8000 seconds and 2.1820 seconds precompiling for 6 choices
AUTOTUNE flex_attention(1x40x23424x128, 1x40x23424x128, 1x40x23424x128, 1x40x23424, 1x1x183, 1x1x183x183, 1x1x183, 1x1x183x183, 23424)
strides: [119930880, 2998272, 128, 1], [119930880, 2998272, 128, 1], [119930880, 2998272, 128, 1], [936960, 23424, 1], [183, 183, 1], [33489, 33489, 183, 1], [183, 183, 1], [33489, 33489, 183, 1], [1]
dtypes: torch.bfloat16, torch.bfloat16, torch.bfloat16, torch.float32, torch.int32, torch.int32, torch.int32, torch.int32, torch.int64
  triton_flex_attention_29 49.8562 ms 100.0% BLOCKS_ARE_CONTIGUOUS=True, BLOCK_M=128, BLOCK_N=64, FLOAT32_PRECISION="'ieee'", GQA_SHARED_HEADS=1, HAS_FULL_BLOCKS=True, IS_DIVISIBLE=True, OUTPUT_LOGSUMEXP=False, PRESCALE_QK=False, QK_HEAD_DIM=128, QK_HEAD_DIM_ROUNDED=128, ROWS_GUARANTEED_SAFE=False, SAFE_HEAD_DIM=True, SM_SCALE=0.08838834764831843, SPARSE_KV_BLOCK_SIZE=128, SPARSE_Q_BLOCK_SIZE=128, USE_TMA=False, V_HEAD_DIM=128, V_HEAD_DIM_ROUNDED=128, WRITE_DQ=True, num_stages=3, num_warps=8
  triton_flex_attention_28 50.0170 ms 99.7% BLOCKS_ARE_CONTIGUOUS=True, BLOCK_M=64, BLOCK_N=64, FLOAT32_PRECISION="'ieee'", GQA_SHARED_HEADS=1, HAS_FULL_BLOCKS=True, IS_DIVISIBLE=True, OUTPUT_LOGSUMEXP=False, PRESCALE_QK=False, QK_HEAD_DIM=128, QK_HEAD_DIM_ROUNDED=128, ROWS_GUARANTEED_SAFE=False, SAFE_HEAD_DIM=True, SM_SCALE=0.08838834764831843, SPARSE_KV_BLOCK_SIZE=128, SPARSE_Q_BLOCK_SIZE=128, USE_TMA=False, V_HEAD_DIM=128, V_HEAD_DIM_ROUNDED=128, WRITE_DQ=True, num_stages=3, num_warps=4
  triton_flex_attention_26 51.5704 ms 96.7% BLOCKS_ARE_CONTIGUOUS=True, BLOCK_M=128, BLOCK_N=128, FLOAT32_PRECISION="'ieee'", GQA_SHARED_HEADS=1, HAS_FULL_BLOCKS=True, IS_DIVISIBLE=True, OUTPUT_LOGSUMEXP=False, PRESCALE_QK=False, QK_HEAD_DIM=128, QK_HEAD_DIM_ROUNDED=128, ROWS_GUARANTEED_SAFE=False, SAFE_HEAD_DIM=True, SM_SCALE=0.08838834764831843, SPARSE_KV_BLOCK_SIZE=128, SPARSE_Q_BLOCK_SIZE=128, USE_TMA=False, V_HEAD_DIM=128, V_HEAD_DIM_ROUNDED=128, WRITE_DQ=True, num_stages=2, num_warps=8
  triton_flex_attention_27 55.4730 ms 89.9% BLOCKS_ARE_CONTIGUOUS=True, BLOCK_M=64, BLOCK_N=128, FLOAT32_PRECISION="'ieee'", GQA_SHARED_HEADS=1, HAS_FULL_BLOCKS=True, IS_DIVISIBLE=True, OUTPUT_LOGSUMEXP=False, PRESCALE_QK=False, QK_HEAD_DIM=128, QK_HEAD_DIM_ROUNDED=128, ROWS_GUARANTEED_SAFE=False, SAFE_HEAD_DIM=True, SM_SCALE=0.08838834764831843, SPARSE_KV_BLOCK_SIZE=128, SPARSE_Q_BLOCK_SIZE=128, USE_TMA=False, V_HEAD_DIM=128, V_HEAD_DIM_ROUNDED=128, WRITE_DQ=True, num_stages=3, num_warps=4
  triton_flex_attention_24 75.9299 ms 65.7% BLOCKS_ARE_CONTIGUOUS=True, BLOCK_M=128, BLOCK_N=64, FLOAT32_PRECISION="'ieee'", GQA_SHARED_HEADS=1, HAS_FULL_BLOCKS=True, IS_DIVISIBLE=True, OUTPUT_LOGSUMEXP=False, PRESCALE_QK=False, QK_HEAD_DIM=128, QK_HEAD_DIM_ROUNDED=128, ROWS_GUARANTEED_SAFE=False, SAFE_HEAD_DIM=True, SM_SCALE=0.08838834764831843, SPARSE_KV_BLOCK_SIZE=128, SPARSE_Q_BLOCK_SIZE=128, USE_TMA=False, V_HEAD_DIM=128, V_HEAD_DIM_ROUNDED=128, WRITE_DQ=True, num_stages=3, num_warps=4
  triton_flex_attention_25 101.9675 ms 48.9% BLOCKS_ARE_CONTIGUOUS=True, BLOCK_M=128, BLOCK_N=128, FLOAT32_PRECISION="'ieee'", GQA_SHARED_HEADS=1, HAS_FULL_BLOCKS=True, IS_DIVISIBLE=True, OUTPUT_LOGSUMEXP=False, PRESCALE_QK=False, QK_HEAD_DIM=128, QK_HEAD_DIM_ROUNDED=128, ROWS_GUARANTEED_SAFE=False, SAFE_HEAD_DIM=True, SM_SCALE=0.08838834764831843, SPARSE_KV_BLOCK_SIZE=128, SPARSE_Q_BLOCK_SIZE=128, USE_TMA=False, V_HEAD_DIM=128, V_HEAD_DIM_ROUNDED=128, WRITE_DQ=True, num_stages=3, num_warps=4
SingleProcess AUTOTUNE benchmarking takes 2.7685 seconds and 2.0291 seconds precompiling for 6 choices
AUTOTUNE flex_attention(1x40x28160x128, 1x40x28160x128, 1x40x28160x128, 1x40x28160, 1x1x220, 1x1x220x220, 1x1x220, 1x1x220x220, 28160)
strides: [144179200, 3604480, 128, 1], [144179200, 3604480, 128, 1], [144179200, 3604480, 128, 1], [1126400, 28160, 1], [220, 220, 1], [48400, 48400, 220, 1], [220, 220, 1], [48400, 48400, 220, 1], [1]
dtypes: torch.bfloat16, torch.bfloat16, torch.bfloat16, torch.float32, torch.int32, torch.int32, torch.int32, torch.int32, torch.int64
  triton_flex_attention_35 71.3192 ms 100.0% BLOCKS_ARE_CONTIGUOUS=True, BLOCK_M=128, BLOCK_N=64, FLOAT32_PRECISION="'ieee'", GQA_SHARED_HEADS=1, HAS_FULL_BLOCKS=True, IS_DIVISIBLE=True, OUTPUT_LOGSUMEXP=False, PRESCALE_QK=False, QK_HEAD_DIM=128, QK_HEAD_DIM_ROUNDED=128, ROWS_GUARANTEED_SAFE=False, SAFE_HEAD_DIM=True, SM_SCALE=0.08838834764831843, SPARSE_KV_BLOCK_SIZE=128, SPARSE_Q_BLOCK_SIZE=128, USE_TMA=False, V_HEAD_DIM=128, V_HEAD_DIM_ROUNDED=128, WRITE_DQ=True, num_stages=3, num_warps=8
  triton_flex_attention_34 71.9481 ms 99.1% BLOCKS_ARE_CONTIGUOUS=True, BLOCK_M=64, BLOCK_N=64, FLOAT32_PRECISION="'ieee'", GQA_SHARED_HEADS=1, HAS_FULL_BLOCKS=True, IS_DIVISIBLE=True, OUTPUT_LOGSUMEXP=False, PRESCALE_QK=False, QK_HEAD_DIM=128, QK_HEAD_DIM_ROUNDED=128, ROWS_GUARANTEED_SAFE=False, SAFE_HEAD_DIM=True, SM_SCALE=0.08838834764831843, SPARSE_KV_BLOCK_SIZE=128, SPARSE_Q_BLOCK_SIZE=128, USE_TMA=False, V_HEAD_DIM=128, V_HEAD_DIM_ROUNDED=128, WRITE_DQ=True, num_stages=3, num_warps=4
  triton_flex_attention_32 76.6256 ms 93.1% BLOCKS_ARE_CONTIGUOUS=True, BLOCK_M=128, BLOCK_N=128, FLOAT32_PRECISION="'ieee'", GQA_SHARED_HEADS=1, HAS_FULL_BLOCKS=True, IS_DIVISIBLE=True, OUTPUT_LOGSUMEXP=False, PRESCALE_QK=False, QK_HEAD_DIM=128, QK_HEAD_DIM_ROUNDED=128, ROWS_GUARANTEED_SAFE=False, SAFE_HEAD_DIM=True, SM_SCALE=0.08838834764831843, SPARSE_KV_BLOCK_SIZE=128, SPARSE_Q_BLOCK_SIZE=128, USE_TMA=False, V_HEAD_DIM=128, V_HEAD_DIM_ROUNDED=128, WRITE_DQ=True, num_stages=2, num_warps=8
  triton_flex_attention_33 80.9857 ms 88.1% BLOCKS_ARE_CONTIGUOUS=True, BLOCK_M=64, BLOCK_N=128, FLOAT32_PRECISION="'ieee'", GQA_SHARED_HEADS=1, HAS_FULL_BLOCKS=True, IS_DIVISIBLE=True, OUTPUT_LOGSUMEXP=False, PRESCALE_QK=False, QK_HEAD_DIM=128, QK_HEAD_DIM_ROUNDED=128, ROWS_GUARANTEED_SAFE=False, SAFE_HEAD_DIM=True, SM_SCALE=0.08838834764831843, SPARSE_KV_BLOCK_SIZE=128, SPARSE_Q_BLOCK_SIZE=128, USE_TMA=False, V_HEAD_DIM=128, V_HEAD_DIM_ROUNDED=128, WRITE_DQ=True, num_stages=3, num_warps=4
  triton_flex_attention_30 111.0477 ms 64.2% BLOCKS_ARE_CONTIGUOUS=True, BLOCK_M=128, BLOCK_N=64, FLOAT32_PRECISION="'ieee'", GQA_SHARED_HEADS=1, HAS_FULL_BLOCKS=True, IS_DIVISIBLE=True, OUTPUT_LOGSUMEXP=False, PRESCALE_QK=False, QK_HEAD_DIM=128, QK_HEAD_DIM_ROUNDED=128, ROWS_GUARANTEED_SAFE=False, SAFE_HEAD_DIM=True, SM_SCALE=0.08838834764831843, SPARSE_KV_BLOCK_SIZE=128, SPARSE_Q_BLOCK_SIZE=128, USE_TMA=False, V_HEAD_DIM=128, V_HEAD_DIM_ROUNDED=128, WRITE_DQ=True, num_stages=3, num_warps=4
  triton_flex_attention_31 147.3156 ms 48.4% BLOCKS_ARE_CONTIGUOUS=True, BLOCK_M=128, BLOCK_N=128, FLOAT32_PRECISION="'ieee'", GQA_SHARED_HEADS=1, HAS_FULL_BLOCKS=True, IS_DIVISIBLE=True, OUTPUT_LOGSUMEXP=False, PRESCALE_QK=False, QK_HEAD_DIM=128, QK_HEAD_DIM_ROUNDED=128, ROWS_GUARANTEED_SAFE=False, SAFE_HEAD_DIM=True, SM_SCALE=0.08838834764831843, SPARSE_KV_BLOCK_SIZE=128, SPARSE_Q_BLOCK_SIZE=128, USE_TMA=False, V_HEAD_DIM=128, V_HEAD_DIM_ROUNDED=128, WRITE_DQ=True, num_stages=3, num_warps=4
SingleProcess AUTOTUNE benchmarking takes 3.9929 seconds and 2.0275 seconds precompiling for 6 choices
AUTOTUNE flex_attention(1x40x32768x128, 1x40x32768x128, 1x40x32768x128, 1x40x32768, 1x1x256, 1x1x256x256, 1x1x256, 1x1x256x256, 32768)
strides: [167772160, 4194304, 128, 1], [167772160, 4194304, 128, 1], [167772160, 4194304, 128, 1], [1310720, 32768, 1], [256, 256, 1], [65536, 65536, 256, 1], [256, 256, 1], [65536, 65536, 256, 1], [1]
dtypes: torch.bfloat16, torch.bfloat16, torch.bfloat16, torch.float32, torch.int32, torch.int32, torch.int32, torch.int32, torch.int64
  triton_flex_attention_41 96.5581 ms 100.0% BLOCKS_ARE_CONTIGUOUS=True, BLOCK_M=128, BLOCK_N=64, FLOAT32_PRECISION="'ieee'", GQA_SHARED_HEADS=1, HAS_FULL_BLOCKS=True, IS_DIVISIBLE=True, OUTPUT_LOGSUMEXP=False, PRESCALE_QK=False, QK_HEAD_DIM=128, QK_HEAD_DIM_ROUNDED=128, ROWS_GUARANTEED_SAFE=False, SAFE_HEAD_DIM=True, SM_SCALE=0.08838834764831843, SPARSE_KV_BLOCK_SIZE=128, SPARSE_Q_BLOCK_SIZE=128, USE_TMA=False, V_HEAD_DIM=128, V_HEAD_DIM_ROUNDED=128, WRITE_DQ=True, num_stages=3, num_warps=8
  triton_flex_attention_40 97.2389 ms 99.3% BLOCKS_ARE_CONTIGUOUS=True, BLOCK_M=64, BLOCK_N=64, FLOAT32_PRECISION="'ieee'", GQA_SHARED_HEADS=1, HAS_FULL_BLOCKS=True, IS_DIVISIBLE=True, OUTPUT_LOGSUMEXP=False, PRESCALE_QK=False, QK_HEAD_DIM=128, QK_HEAD_DIM_ROUNDED=128, ROWS_GUARANTEED_SAFE=False, SAFE_HEAD_DIM=True, SM_SCALE=0.08838834764831843, SPARSE_KV_BLOCK_SIZE=128, SPARSE_Q_BLOCK_SIZE=128, USE_TMA=False, V_HEAD_DIM=128, V_HEAD_DIM_ROUNDED=128, WRITE_DQ=True, num_stages=3, num_warps=4
  triton_flex_attention_38 106.4908 ms 90.7% BLOCKS_ARE_CONTIGUOUS=True, BLOCK_M=128, BLOCK_N=128, FLOAT32_PRECISION="'ieee'", GQA_SHARED_HEADS=1, HAS_FULL_BLOCKS=True, IS_DIVISIBLE=True, OUTPUT_LOGSUMEXP=False, PRESCALE_QK=False, QK_HEAD_DIM=128, QK_HEAD_DIM_ROUNDED=128, ROWS_GUARANTEED_SAFE=False, SAFE_HEAD_DIM=True, SM_SCALE=0.08838834764831843, SPARSE_KV_BLOCK_SIZE=128, SPARSE_Q_BLOCK_SIZE=128, USE_TMA=False, V_HEAD_DIM=128, V_HEAD_DIM_ROUNDED=128, WRITE_DQ=True, num_stages=2, num_warps=8
  triton_flex_attention_39 109.1721 ms 88.4% BLOCKS_ARE_CONTIGUOUS=True, BLOCK_M=64, BLOCK_N=128, FLOAT32_PRECISION="'ieee'", GQA_SHARED_HEADS=1, HAS_FULL_BLOCKS=True, IS_DIVISIBLE=True, OUTPUT_LOGSUMEXP=False, PRESCALE_QK=False, QK_HEAD_DIM=128, QK_HEAD_DIM_ROUNDED=128, ROWS_GUARANTEED_SAFE=False, SAFE_HEAD_DIM=True, SM_SCALE=0.08838834764831843, SPARSE_KV_BLOCK_SIZE=128, SPARSE_Q_BLOCK_SIZE=128, USE_TMA=False, V_HEAD_DIM=128, V_HEAD_DIM_ROUNDED=128, WRITE_DQ=True, num_stages=3, num_warps=4
  triton_flex_attention_36 151.4128 ms 63.8% BLOCKS_ARE_CONTIGUOUS=True, BLOCK_M=128, BLOCK_N=64, FLOAT32_PRECISION="'ieee'", GQA_SHARED_HEADS=1, HAS_FULL_BLOCKS=True, IS_DIVISIBLE=True, OUTPUT_LOGSUMEXP=False, PRESCALE_QK=False, QK_HEAD_DIM=128, QK_HEAD_DIM_ROUNDED=128, ROWS_GUARANTEED_SAFE=False, SAFE_HEAD_DIM=True, SM_SCALE=0.08838834764831843, SPARSE_KV_BLOCK_SIZE=128, SPARSE_Q_BLOCK_SIZE=128, USE_TMA=False, V_HEAD_DIM=128, V_HEAD_DIM_ROUNDED=128, WRITE_DQ=True, num_stages=3, num_warps=4
  triton_flex_attention_37 199.2511 ms 48.5% BLOCKS_ARE_CONTIGUOUS=True, BLOCK_M=128, BLOCK_N=128, FLOAT32_PRECISION="'ieee'", GQA_SHARED_HEADS=1, HAS_FULL_BLOCKS=True, IS_DIVISIBLE=True, OUTPUT_LOGSUMEXP=False, PRESCALE_QK=False, QK_HEAD_DIM=128, QK_HEAD_DIM_ROUNDED=128, ROWS_GUARANTEED_SAFE=False, SAFE_HEAD_DIM=True, SM_SCALE=0.08838834764831843, SPARSE_KV_BLOCK_SIZE=128, SPARSE_Q_BLOCK_SIZE=128, USE_TMA=False, V_HEAD_DIM=128, V_HEAD_DIM_ROUNDED=128, WRITE_DQ=True, num_stages=3, num_warps=4
SingleProcess AUTOTUNE benchmarking takes 5.4198 seconds and 2.0250 seconds precompiling for 6 choices
SageAttention loaded successfully
flash attn 2 available False
flash attn 3 available False
sage attn available True
SAGEATTN_AVAILABLE: True
DO_COMPILE False
Loading WAN model, with name Wan2.1-T2V-14B
timestep shift,  5.0
Incompatible _IncompatibleKeys(missing_keys=['mean', 'std'], unexpected_keys=[]) while loading vae decoder
KV inference with 3 frames per block
LOAD OK {'gpu': 'NVIDIA H200', 'torch': '2.8.0+cu128', 'prompt': 'A person dancing in an empty warehouse, dramatic lighting, camera static', 'load_transformer': {'sec': 186.2, 'torch_alloc_gb': 34.954, 'device_used_gb': 64.258, 'device_total_gb': 150.122}, 'after_t5_offload': {'torch_alloc_gb': 35.253, 'device_used_gb': 36.716, 'device_total_gb': 150.122}}
===== RUN kv3_s4_h200 =====
Initializing kv cache with shape:  [1, 9360, 40, 128]
denoising step list:  tensor([1000.0000,  908.8427,  713.9794,    0.0000], device='cuda:0')
Zero reinitialization of kv cache
Zero reinitialization of kv cache
Generating block mask
Zero reinitialization of kv cache
Zero reinitialization of kv cache
Zero reinitialization of kv cache
Zero reinitialization of kv cache
Zero reinitialization of kv cache
Zero reinitialization of kv cache
Zero reinitialization of kv cache
{"tag": "kv3_s4_h200", "kv": 3, "steps": 4, "seed": 42, "ok": true, "kv_cache_gb": 7.668, "wall_sec": 25.65, "pixel_frames": 102, "fps_e2e": 3.98, "fps_steady": 4.4, "prefill_ms": {"mean": 980.8, "per_block": [5481.8, 336.7, 337.3, 337.7, 337.5, 337.7, 339.3, 338.4]}, "denoise_ms_mean": 419.6, "peak_alloc_gb": 49.588, "torch_alloc_gb": 45.359, "device_used_gb": 52.679, "device_total_gb": 150.122}
===== RUN kv12_s4_h200 =====
Initializing kv cache with shape:  [1, 23400, 40, 128]
Zero reinitialization of crossattn cache
denoising step list:  tensor([1000.0000,  908.8427,  713.9794,    0.0000], device='cuda:0')
Zero reinitialization of kv cache
Zero reinitialization of kv cache
Zero reinitialization of kv cache
Generating block mask
Zero reinitialization of kv cache
Generating block mask
Zero reinitialization of kv cache
Generating block mask
Zero reinitialization of kv cache
Zero reinitialization of kv cache
Zero reinitialization of kv cache
Zero reinitialization of kv cache
{"tag": "kv12_s4_h200", "kv": 12, "steps": 4, "seed": 42, "ok": true, "kv_cache_gb": 19.169, "wall_sec": 41.81, "pixel_frames": 102, "fps_e2e": 2.44, "fps_steady": 2.38, "prefill_ms": {"mean": 3013.9, "per_block": [335.9, 4826.2, 5605.5, 6978.5, 1585.3, 1598.6, 1583.0, 1598.5]}, "denoise_ms_mean": 425.3, "peak_alloc_gb": 62.571, "torch_alloc_gb": 56.986, "device_used_gb": 74.781, "device_total_gb": 150.122}
===== RUN kv15_s4 =====
Initializing kv cache with shape:  [1, 28080, 40, 128]
Zero reinitialization of crossattn cache
denoising step list:  tensor([1000.0000,  908.8427,  713.9794,    0.0000], device='cuda:0')
Zero reinitialization of kv cache
Zero reinitialization of kv cache
Zero reinitialization of kv cache
Zero reinitialization of kv cache
Zero reinitialization of kv cache
Zero reinitialization of kv cache
Generating block mask
Zero reinitialization of kv cache
Zero reinitialization of kv cache
Zero reinitialization of kv cache
{"tag": "kv15_s4", "kv": 15, "steps": 4, "seed": 42, "ok": true, "kv_cache_gb": 23.003, "wall_sec": 36.32, "pixel_frames": 102, "fps_e2e": 2.81, "fps_steady": 2.76, "prefill_ms": {"mean": 2254.9, "per_block": [336.4, 709.9, 1119.8, 1599.3, 8141.3, 2044.5, 2047.4, 2041.0]}, "denoise_ms_mean": 441.9, "peak_alloc_gb": 77.858, "torch_alloc_gb": 60.877, "device_used_gb": 86.802, "device_total_gb": 150.122}
===== RUN kv18_s4 =====
Initializing kv cache with shape:  [1, 32760, 40, 128]
Zero reinitialization of crossattn cache
denoising step list:  tensor([1000.0000,  908.8427,  713.9794,    0.0000], device='cuda:0')
Zero reinitialization of kv cache
Zero reinitialization of kv cache
Zero reinitialization of kv cache
Zero reinitialization of kv cache
Zero reinitialization of kv cache
Zero reinitialization of kv cache
Zero reinitialization of kv cache
Generating block mask
Zero reinitialization of kv cache
Zero reinitialization of kv cache
{"tag": "kv18_s4", "kv": 18, "steps": 4, "seed": 42, "ok": true, "kv_cache_gb": 26.837, "wall_sec": 39.63, "pixel_frames": 102, "fps_e2e": 2.57, "fps_steady": 2.52, "prefill_ms": {"mean": 2603.6, "per_block": [334.3, 706.0, 1112.5, 1586.0, 2049.8, 9905.9, 2564.5, 2569.4]}, "denoise_ms_mean": 456.5, "peak_alloc_gb": 85.533, "torch_alloc_gb": 64.776, "device_used_gb": 98.064, "device_total_gb": 150.122}
===== RUN kv21_s4 =====
Initializing kv cache with shape:  [1, 37440, 40, 128]
Zero reinitialization of crossattn cache
denoising step list:  tensor([1000.0000,  908.8427,  713.9794,    0.0000], device='cuda:0')
Zero reinitialization of kv cache
Zero reinitialization of kv cache
Zero reinitialization of kv cache
Zero reinitialization of kv cache
Zero reinitialization of kv cache
Zero reinitialization of kv cache
Zero reinitialization of kv cache
Zero reinitialization of kv cache
Generating block mask
Zero reinitialization of kv cache
{"tag": "kv21_s4", "kv": 21, "steps": 4, "seed": 42, "ok": true, "kv_cache_gb": 30.671, "wall_sec": 41.95, "pixel_frames": 102, "fps_e2e": 2.43, "fps_steady": 2.37, "prefill_ms": {"mean": 2914.5, "per_block": [332.5, 704.9, 1114.9, 1588.9, 2051.8, 2564.0, 11850.8, 3108.2]}, "denoise_ms_mean": 452.1, "peak_alloc_gb": 93.233, "torch_alloc_gb": 68.693, "device_used_gb": 108.673, "device_total_gb": 150.122}
===== RUN kv24_s4 =====
Initializing kv cache with shape:  [1, 42120, 40, 128]
Zero reinitialization of crossattn cache
denoising step list:  tensor([1000.0000,  908.8427,  713.9794,    0.0000], device='cuda:0')
Zero reinitialization of kv cache
Zero reinitialization of kv cache
Zero reinitialization of kv cache
Zero reinitialization of kv cache
Zero reinitialization of kv cache
Zero reinitialization of kv cache
Zero reinitialization of kv cache
Zero reinitialization of kv cache
Zero reinitialization of kv cache
Generating block mask
{"tag": "kv24_s4", "kv": 24, "steps": 4, "seed": 42, "ok": false, "kv_cache_gb": 34.505, "error": "Traceback (most recent call last):\n  File \"/workspace/realtime-video/bench_kv21.py\", line 82, in run_cfg\n    try: session.generate_block(models)\n         ^^^^^^^^^^^^^^^^^^^^^^^^^^^^^^\n  File \"/workspace/realtime-video/.venv/lib/python3.11/site-packages/torch/utils/_contextlib.py\", line 120, in decorate_context\n    return func(*args, **kwargs)\n           ^^^^^^^^^^^^^^^^^^^^^\n  File \"/workspace/realtime-video/release_server.py\", line 741, in generate_block\n    out = self.generate_block_internal(models)\n          ^^^^^^^^^^^^^^^^^^^^^^^^^^^^^^^^^^^^\n  File \"/workspace/realtime-video/.venv/lib/python3.11/site-packages/torch/utils/_contextlib.py\", line 120, in decorate_context\n    return func(*args, **kwargs)\n           ^^^^^^^^^^^^^^^^^^^^^\n  File \"/workspace/realtime-vi
===== KV SWEEP DONE =====
