2026-07-24 12:07:36.493 - DEBUG - Transformer import took: 0.00s
2026-07-24 12:07:40.010 - DEBUG - Loading transformer state dict from checkpoints/krea-realtime-video-14b.safetensors
2026-07-24 12:10:58.645 - DEBUG - Quantizing transfofmer to fp8
2026-07-24 12:10:58.726 - DEBUG - Skipping import of cpp extensions: Could not find libtorchao_ops_aten library in any of the provided paths
2026-07-24 12:10:59.577 - DEBUG - Transformer load completed in: 203.08s, total: 203.08s
2026-07-24 12:10:59.626 - DEBUG - Text encoder import took: 0.00s
2026-07-24 12:11:01.438 - DEBUG - Text encoder load completed in: 1.81s, total: 1.81s
2026-07-24 12:11:01.439 - DEBUG - Using demo_utils.vae_block3.VAEEncoderWrapper
2026-07-24 12:11:01.439 - DEBUG - Using demo_utils.vae_block3.VAEDecoderWrapper
2026-07-24 12:11:01.477 - INFO - loading wan_models/Wan2.1-T2V-1.3B/Wan2.1_VAE.pth
2026-07-24 12:11:02.547 - DEBUG - VAE load completed in: 1.11s
2026-07-24 12:11:02.571 - DEBUG - Pipeline import took: 0.00s
2026-07-24 12:11:02.572 - DEBUG - Pipeline initialization completed in: 0.00s
AUTOTUNE flex_attention(1x40x4736x128, 1x40x4736x128, 1x40x4736x128, 1x40x4736, 1x1x37, 1x1x37x37, 1x1x37, 1x1x37x37, 4736)
strides: [24248320, 606208, 128, 1], [24248320, 606208, 128, 1], [24248320, 606208, 128, 1], [189440, 4736, 1], [37, 37, 1], [1369, 1369, 37, 1], [37, 37, 1], [1369, 1369, 37, 1], [1]
dtypes: torch.bfloat16, torch.bfloat16, torch.bfloat16, torch.float32, torch.int32, torch.int32, torch.int32, torch.int32, torch.int64
  triton_flex_attention_4 1.8334 ms 100.0% BLOCKS_ARE_CONTIGUOUS=True, BLOCK_M=64, BLOCK_N=64, FLOAT32_PRECISION="'tf32'", GQA_SHARED_HEADS=1, HAS_FULL_BLOCKS=True, IS_DIVISIBLE=True, OUTPUT_LOGSUMEXP=False, PRESCALE_QK=False, QK_HEAD_DIM=128, QK_HEAD_DIM_ROUNDED=128, ROWS_GUARANTEED_SAFE=False, SAFE_HEAD_DIM=True, SM_SCALE=0.08838834764831843, SPARSE_KV_BLOCK_SIZE=128, SPARSE_Q_BLOCK_SIZE=128, USE_TMA=False, V_HEAD_DIM=128, V_HEAD_DIM_ROUNDED=128, WRITE_DQ=True, num_stages=3, num_warps=4
  triton_flex_attention_5 2.1295 ms 86.1% BLOCKS_ARE_CONTIGUOUS=True, BLOCK_M=128, BLOCK_N=64, FLOAT32_PRECISION="'tf32'", GQA_SHARED_HEADS=1, HAS_FULL_BLOCKS=True, IS_DIVISIBLE=True, OUTPUT_LOGSUMEXP=False, PRESCALE_QK=False, QK_HEAD_DIM=128, QK_HEAD_DIM_ROUNDED=128, ROWS_GUARANTEED_SAFE=False, SAFE_HEAD_DIM=True, SM_SCALE=0.08838834764831843, SPARSE_KV_BLOCK_SIZE=128, SPARSE_Q_BLOCK_SIZE=128, USE_TMA=False, V_HEAD_DIM=128, V_HEAD_DIM_ROUNDED=128, WRITE_DQ=True, num_stages=3, num_warps=8
  triton_flex_attention_2 2.2932 ms 79.9% BLOCKS_ARE_CONTIGUOUS=True, BLOCK_M=128, BLOCK_N=128, FLOAT32_PRECISION="'tf32'", GQA_SHARED_HEADS=1, HAS_FULL_BLOCKS=True, IS_DIVISIBLE=True, OUTPUT_LOGSUMEXP=False, PRESCALE_QK=False, QK_HEAD_DIM=128, QK_HEAD_DIM_ROUNDED=128, ROWS_GUARANTEED_SAFE=False, SAFE_HEAD_DIM=True, SM_SCALE=0.08838834764831843, SPARSE_KV_BLOCK_SIZE=128, SPARSE_Q_BLOCK_SIZE=128, USE_TMA=False, V_HEAD_DIM=128, V_HEAD_DIM_ROUNDED=128, WRITE_DQ=True, num_stages=2, num_warps=8
  triton_flex_attention_3 2.2933 ms 79.9% BLOCKS_ARE_CONTIGUOUS=True, BLOCK_M=64, BLOCK_N=128, FLOAT32_PRECISION="'tf32'", GQA_SHARED_HEADS=1, HAS_FULL_BLOCKS=True, IS_DIVISIBLE=True, OUTPUT_LOGSUMEXP=False, PRESCALE_QK=False, QK_HEAD_DIM=128, QK_HEAD_DIM_ROUNDED=128, ROWS_GUARANTEED_SAFE=False, SAFE_HEAD_DIM=True, SM_SCALE=0.08838834764831843, SPARSE_KV_BLOCK_SIZE=128, SPARSE_Q_BLOCK_SIZE=128, USE_TMA=False, V_HEAD_DIM=128, V_HEAD_DIM_ROUNDED=128, WRITE_DQ=True, num_stages=3, num_warps=4
  triton_flex_attention_0 3.4075 ms 53.8% BLOCKS_ARE_CONTIGUOUS=True, BLOCK_M=128, BLOCK_N=64, FLOAT32_PRECISION="'tf32'", GQA_SHARED_HEADS=1, HAS_FULL_BLOCKS=True, IS_DIVISIBLE=True, OUTPUT_LOGSUMEXP=False, PRESCALE_QK=False, QK_HEAD_DIM=128, QK_HEAD_DIM_ROUNDED=128, ROWS_GUARANTEED_SAFE=False, SAFE_HEAD_DIM=True, SM_SCALE=0.08838834764831843, SPARSE_KV_BLOCK_SIZE=128, SPARSE_Q_BLOCK_SIZE=128, USE_TMA=False, V_HEAD_DIM=128, V_HEAD_DIM_ROUNDED=128, WRITE_DQ=True, num_stages=3, num_warps=4
  triton_flex_attention_1 4.4261 ms 41.4% BLOCKS_ARE_CONTIGUOUS=True, BLOCK_M=128, BLOCK_N=128, FLOAT32_PRECISION="'tf32'", GQA_SHARED_HEADS=1, HAS_FULL_BLOCKS=True, IS_DIVISIBLE=True, OUTPUT_LOGSUMEXP=False, PRESCALE_QK=False, QK_HEAD_DIM=128, QK_HEAD_DIM_ROUNDED=128, ROWS_GUARANTEED_SAFE=False, SAFE_HEAD_DIM=True, SM_SCALE=0.08838834764831843, SPARSE_KV_BLOCK_SIZE=128, SPARSE_Q_BLOCK_SIZE=128, USE_TMA=False, V_HEAD_DIM=128, V_HEAD_DIM_ROUNDED=128, WRITE_DQ=True, num_stages=3, num_warps=4
SingleProcess AUTOTUNE benchmarking takes 0.3292 seconds and 2.4501 seconds precompiling for 6 choices
SageAttention loaded successfully
flash attn 2 available False
flash attn 3 available False
sage attn available True
SAGEATTN_AVAILABLE: True
DO_COMPILE False
Loading WAN model, with name Wan2.1-T2V-14B
timestep shift,  5.0
Incompatible _IncompatibleKeys(missing_keys=['mean', 'std'], unexpected_keys=[]) while loading vae decoder
KV inference with 3 frames per block
FP8 LOAD OK {'fp8_load': {'sec': 203.1, 'torch_alloc_gb': 17.441, 'device_used_gb': 67.164}}
===== RUN fp8_kv3_s4 =====
Initializing kv cache with shape:  [1, 9360, 40, 128]
denoising step list:  tensor([1000.0000,  908.8427,  713.9794,    0.0000], device='cuda:0')
Zero reinitialization of kv cache
Zero reinitialization of kv cache
Generating block mask
Zero reinitialization of kv cache
Zero reinitialization of kv cache
Zero reinitialization of kv cache
Zero reinitialization of kv cache
Zero reinitialization of kv cache
Zero reinitialization of kv cache
Zero reinitialization of kv cache
{"tag": "fp8_kv3_s4", "kv": 3, "steps": 4, "seed": 42, "ok": true, "wall_sec": 24.97, "pixel_frames": 102, "fps_e2e": 4.08, "fps_steady": 4.24, "prefill_ms_mean": 940.5, "denoise_ms_mean": 407.8, "peak_alloc_gb": 32.08, "torch_alloc_gb": 27.851, "device_used_gb": 36.118}
===== RUN fp8_kv3_s4_seed43 =====
Zero reinitialization of kv cache
Zero reinitialization of crossattn cache
denoising step list:  tensor([1000.0000,  908.8427,  713.9794,    0.0000], device='cuda:0')
Zero reinitialization of kv cache
Zero reinitialization of kv cache
Zero reinitialization of kv cache
Zero reinitialization of kv cache
Zero reinitialization of kv cache
Zero reinitialization of kv cache
Zero reinitialization of kv cache
Zero reinitialization of kv cache
Zero reinitialization of kv cache
{"tag": "fp8_kv3_s4_seed43", "kv": 3, "steps": 4, "seed": 43, "ok": true, "wall_sec": 19.75, "pixel_frames": 102, "fps_e2e": 5.16, "fps_steady": 5.31, "prefill_ms_mean": 376.4, "denoise_ms_mean": 394.1, "peak_alloc_gb": 32.081, "torch_alloc_gb": 27.852, "device_used_gb": 36.118}
===== RUN fp8_kv3_s5 =====
Zero reinitialization of kv cache
Zero reinitialization of crossattn cache
denoising step list:  tensor([1000.0000,  937.5000,  833.3333,  625.0000,    0.0000],
       device='cuda:0')
Zero reinitialization of kv cache
Zero reinitialization of kv cache
Zero reinitialization of kv cache
Zero reinitialization of kv cache
Zero reinitialization of kv cache
Zero reinitialization of kv cache
Zero reinitialization of kv cache
Zero reinitialization of kv cache
Zero reinitialization of kv cache
{"tag": "fp8_kv3_s5", "kv": 3, "steps": 5, "seed": 42, "ok": true, "wall_sec": 23.29, "pixel_frames": 102, "fps_e2e": 4.38, "fps_steady": 4.52, "prefill_ms_mean": 376.3, "denoise_ms_mean": 393.8, "peak_alloc_gb": 32.083, "torch_alloc_gb": 27.853, "device_used_gb": 36.118}
===== FP8 DONE =====
